------------------------------------------------------------
Timing Analyzer Summary
------------------------------------------------------------

Type  : Slow 1200mV 100C Model Setup 'clock|altpll_component|auto_generated|pll1|clk[0]'
Slack : -8.887
TNS   : -398.464

Type  : Slow 1200mV 100C Model Setup 'clock|altpll_component|auto_generated|pll1|clk[1]'
Slack : 67.675
TNS   : 0.000

Type  : Slow 1200mV 100C Model Hold 'clock|altpll_component|auto_generated|pll1|clk[0]'
Slack : 0.316
TNS   : 0.000

Type  : Slow 1200mV 100C Model Hold 'clock|altpll_component|auto_generated|pll1|clk[1]'
Slack : 0.417
TNS   : 0.000

Type  : Slow 1200mV 100C Model Minimum Pulse Width 'clock|altpll_component|auto_generated|pll1|clk[0]'
Slack : 0.456
TNS   : 0.000

Type  : Slow 1200mV 100C Model Minimum Pulse Width 'clk'
Slack : 9.876
TNS   : 0.000

Type  : Slow 1200mV 100C Model Minimum Pulse Width 'clock|altpll_component|auto_generated|pll1|clk[1]'
Slack : 41.337
TNS   : 0.000

Type  : Slow 1200mV -40C Model Setup 'clock|altpll_component|auto_generated|pll1|clk[0]'
Slack : -7.106
TNS   : -277.235

Type  : Slow 1200mV -40C Model Setup 'clock|altpll_component|auto_generated|pll1|clk[1]'
Slack : 69.432
TNS   : 0.000

Type  : Slow 1200mV -40C Model Hold 'clock|altpll_component|auto_generated|pll1|clk[0]'
Slack : 0.262
TNS   : 0.000

Type  : Slow 1200mV -40C Model Hold 'clock|altpll_component|auto_generated|pll1|clk[1]'
Slack : 0.343
TNS   : 0.000

Type  : Slow 1200mV -40C Model Minimum Pulse Width 'clock|altpll_component|auto_generated|pll1|clk[0]'
Slack : 0.517
TNS   : 0.000

Type  : Slow 1200mV -40C Model Minimum Pulse Width 'clk'
Slack : 9.883
TNS   : 0.000

Type  : Slow 1200mV -40C Model Minimum Pulse Width 'clock|altpll_component|auto_generated|pll1|clk[1]'
Slack : 41.342
TNS   : 0.000

Type  : Fast 1200mV -40C Model Setup 'clock|altpll_component|auto_generated|pll1|clk[0]'
Slack : -2.145
TNS   : -80.828

Type  : Fast 1200mV -40C Model Setup 'clock|altpll_component|auto_generated|pll1|clk[1]'
Slack : 75.490
TNS   : 0.000

Type  : Fast 1200mV -40C Model Hold 'clock|altpll_component|auto_generated|pll1|clk[0]'
Slack : 0.123
TNS   : 0.000

Type  : Fast 1200mV -40C Model Hold 'clock|altpll_component|auto_generated|pll1|clk[1]'
Slack : 0.179
TNS   : 0.000

Type  : Fast 1200mV -40C Model Minimum Pulse Width 'clock|altpll_component|auto_generated|pll1|clk[0]'
Slack : 1.801
TNS   : 0.000

Type  : Fast 1200mV -40C Model Minimum Pulse Width 'clk'
Slack : 9.622
TNS   : 0.000

Type  : Fast 1200mV -40C Model Minimum Pulse Width 'clock|altpll_component|auto_generated|pll1|clk[1]'
Slack : 41.395
TNS   : 0.000

------------------------------------------------------------
