------------------------------------------------------------
Timing Analyzer Summary
------------------------------------------------------------

Type  : Slow 1200mV 85C Model Setup 'clkmanager|p1|altpll_component|auto_generated|pll1|clk[0]'
Slack : -8.287
TNS   : -475.859

Type  : Slow 1200mV 85C Model Setup 'clkmanager|p1|altpll_component|auto_generated|pll1|clk[1]'
Slack : 2.036
TNS   : 0.000

Type  : Slow 1200mV 85C Model Setup 'c10_clk50m'
Slack : 16.673
TNS   : 0.000

Type  : Slow 1200mV 85C Model Hold 'clkmanager|p1|altpll_component|auto_generated|pll1|clk[0]'
Slack : -0.115
TNS   : -0.115

Type  : Slow 1200mV 85C Model Hold 'clkmanager|p1|altpll_component|auto_generated|pll1|clk[1]'
Slack : 0.401
TNS   : 0.000

Type  : Slow 1200mV 85C Model Hold 'c10_clk50m'
Slack : 0.408
TNS   : 0.000

Type  : Slow 1200mV 85C Model Recovery 'clkmanager|p1|altpll_component|auto_generated|pll1|clk[1]'
Slack : 79.304
TNS   : 0.000

Type  : Slow 1200mV 85C Model Removal 'clkmanager|p1|altpll_component|auto_generated|pll1|clk[1]'
Slack : 3.418
TNS   : 0.000

Type  : Slow 1200mV 85C Model Minimum Pulse Width 'clkmanager|p1|altpll_component|auto_generated|pll1|clk[0]'
Slack : 0.473
TNS   : 0.000

Type  : Slow 1200mV 85C Model Minimum Pulse Width 'c10_clk50m'
Slack : 9.756
TNS   : 0.000

Type  : Slow 1200mV 85C Model Minimum Pulse Width 'clkmanager|p1|altpll_component|auto_generated|pll1|clk[1]'
Slack : 41.372
TNS   : 0.000

Type  : Slow 1200mV 0C Model Setup 'clkmanager|p1|altpll_component|auto_generated|pll1|clk[0]'
Slack : -7.075
TNS   : -384.023

Type  : Slow 1200mV 0C Model Setup 'clkmanager|p1|altpll_component|auto_generated|pll1|clk[1]'
Slack : 2.186
TNS   : 0.000

Type  : Slow 1200mV 0C Model Setup 'c10_clk50m'
Slack : 17.033
TNS   : 0.000

Type  : Slow 1200mV 0C Model Hold 'clkmanager|p1|altpll_component|auto_generated|pll1|clk[0]'
Slack : -0.097
TNS   : -0.097

Type  : Slow 1200mV 0C Model Hold 'clkmanager|p1|altpll_component|auto_generated|pll1|clk[1]'
Slack : 0.353
TNS   : 0.000

Type  : Slow 1200mV 0C Model Hold 'c10_clk50m'
Slack : 0.365
TNS   : 0.000

Type  : Slow 1200mV 0C Model Recovery 'clkmanager|p1|altpll_component|auto_generated|pll1|clk[1]'
Slack : 79.683
TNS   : 0.000

Type  : Slow 1200mV 0C Model Removal 'clkmanager|p1|altpll_component|auto_generated|pll1|clk[1]'
Slack : 3.037
TNS   : 0.000

Type  : Slow 1200mV 0C Model Minimum Pulse Width 'clkmanager|p1|altpll_component|auto_generated|pll1|clk[0]'
Slack : 0.517
TNS   : 0.000

Type  : Slow 1200mV 0C Model Minimum Pulse Width 'c10_clk50m'
Slack : 9.776
TNS   : 0.000

Type  : Slow 1200mV 0C Model Minimum Pulse Width 'clkmanager|p1|altpll_component|auto_generated|pll1|clk[1]'
Slack : 41.354
TNS   : 0.000

Type  : Fast 1200mV 0C Model Setup 'clkmanager|p1|altpll_component|auto_generated|pll1|clk[0]'
Slack : -2.666
TNS   : -115.251

Type  : Fast 1200mV 0C Model Setup 'clkmanager|p1|altpll_component|auto_generated|pll1|clk[1]'
Slack : 3.088
TNS   : 0.000

Type  : Fast 1200mV 0C Model Setup 'c10_clk50m'
Slack : 18.343
TNS   : 0.000

Type  : Fast 1200mV 0C Model Hold 'clkmanager|p1|altpll_component|auto_generated|pll1|clk[0]'
Slack : -0.081
TNS   : -0.081

Type  : Fast 1200mV 0C Model Hold 'clkmanager|p1|altpll_component|auto_generated|pll1|clk[1]'
Slack : 0.180
TNS   : 0.000

Type  : Fast 1200mV 0C Model Hold 'c10_clk50m'
Slack : 0.188
TNS   : 0.000

Type  : Fast 1200mV 0C Model Recovery 'clkmanager|p1|altpll_component|auto_generated|pll1|clk[1]'
Slack : 81.162
TNS   : 0.000

Type  : Fast 1200mV 0C Model Removal 'clkmanager|p1|altpll_component|auto_generated|pll1|clk[1]'
Slack : 1.756
TNS   : 0.000

Type  : Fast 1200mV 0C Model Minimum Pulse Width 'clkmanager|p1|altpll_component|auto_generated|pll1|clk[0]'
Slack : 1.836
TNS   : 0.000

Type  : Fast 1200mV 0C Model Minimum Pulse Width 'c10_clk50m'
Slack : 9.438
TNS   : 0.000

Type  : Fast 1200mV 0C Model Minimum Pulse Width 'clkmanager|p1|altpll_component|auto_generated|pll1|clk[1]'
Slack : 41.420
TNS   : 0.000

------------------------------------------------------------
