------------------------------------------------------------
Timing Analyzer Summary
------------------------------------------------------------

Type  : Slow 1200mV 85C Model Setup 'clkmanager|p1|altpll_component|auto_generated|pll1|clk[0]'
Slack : -9.067
TNS   : -650.953

Type  : Slow 1200mV 85C Model Setup 'clkmanager|p1|altpll_component|auto_generated|pll1|clk[1]'
Slack : 0.137
TNS   : 0.000

Type  : Slow 1200mV 85C Model Setup 'c10_clk50m'
Slack : 16.673
TNS   : 0.000

Type  : Slow 1200mV 85C Model Hold 'clkmanager|p1|altpll_component|auto_generated|pll1|clk[0]'
Slack : -0.116
TNS   : -0.116

Type  : Slow 1200mV 85C Model Hold 'clkmanager|p1|altpll_component|auto_generated|pll1|clk[1]'
Slack : 0.383
TNS   : 0.000

Type  : Slow 1200mV 85C Model Hold 'c10_clk50m'
Slack : 0.407
TNS   : 0.000

Type  : Slow 1200mV 85C Model Minimum Pulse Width 'clkmanager|p1|altpll_component|auto_generated|pll1|clk[0]'
Slack : 1.307
TNS   : 0.000

Type  : Slow 1200mV 85C Model Minimum Pulse Width 'c10_clk50m'
Slack : 9.756
TNS   : 0.000

Type  : Slow 1200mV 85C Model Minimum Pulse Width 'clkmanager|p1|altpll_component|auto_generated|pll1|clk[1]'
Slack : 41.371
TNS   : 0.000

Type  : Slow 1200mV 0C Model Setup 'clkmanager|p1|altpll_component|auto_generated|pll1|clk[0]'
Slack : -7.734
TNS   : -539.125

Type  : Slow 1200mV 0C Model Setup 'clkmanager|p1|altpll_component|auto_generated|pll1|clk[1]'
Slack : 0.301
TNS   : 0.000

Type  : Slow 1200mV 0C Model Setup 'c10_clk50m'
Slack : 17.032
TNS   : 0.000

Type  : Slow 1200mV 0C Model Hold 'clkmanager|p1|altpll_component|auto_generated|pll1|clk[0]'
Slack : -0.097
TNS   : -0.097

Type  : Slow 1200mV 0C Model Hold 'clkmanager|p1|altpll_component|auto_generated|pll1|clk[1]'
Slack : 0.336
TNS   : 0.000

Type  : Slow 1200mV 0C Model Hold 'c10_clk50m'
Slack : 0.364
TNS   : 0.000

Type  : Slow 1200mV 0C Model Minimum Pulse Width 'clkmanager|p1|altpll_component|auto_generated|pll1|clk[0]'
Slack : 1.351
TNS   : 0.000

Type  : Slow 1200mV 0C Model Minimum Pulse Width 'c10_clk50m'
Slack : 9.777
TNS   : 0.000

Type  : Slow 1200mV 0C Model Minimum Pulse Width 'clkmanager|p1|altpll_component|auto_generated|pll1|clk[1]'
Slack : 41.357
TNS   : 0.000

Type  : Fast 1200mV 0C Model Setup 'clkmanager|p1|altpll_component|auto_generated|pll1|clk[0]'
Slack : -3.589
TNS   : -201.463

Type  : Fast 1200mV 0C Model Setup 'clkmanager|p1|altpll_component|auto_generated|pll1|clk[1]'
Slack : 0.896
TNS   : 0.000

Type  : Fast 1200mV 0C Model Setup 'c10_clk50m'
Slack : 18.343
TNS   : 0.000

Type  : Fast 1200mV 0C Model Hold 'clkmanager|p1|altpll_component|auto_generated|pll1|clk[0]'
Slack : -0.082
TNS   : -0.082

Type  : Fast 1200mV 0C Model Hold 'clkmanager|p1|altpll_component|auto_generated|pll1|clk[1]'
Slack : 0.173
TNS   : 0.000

Type  : Fast 1200mV 0C Model Hold 'c10_clk50m'
Slack : 0.188
TNS   : 0.000

Type  : Fast 1200mV 0C Model Minimum Pulse Width 'clkmanager|p1|altpll_component|auto_generated|pll1|clk[0]'
Slack : 2.250
TNS   : 0.000

Type  : Fast 1200mV 0C Model Minimum Pulse Width 'c10_clk50m'
Slack : 9.438
TNS   : 0.000

Type  : Fast 1200mV 0C Model Minimum Pulse Width 'clkmanager|p1|altpll_component|auto_generated|pll1|clk[1]'
Slack : 41.420
TNS   : 0.000

------------------------------------------------------------
